[     617ms] [INFO] %cDownload the React DevTools for a better development experience: https://react.dev/link/react-devtools font-weight:bold @ http://localhost:3000/_next/static/chunks/node_modules_next_dist_115brz8._.js:2431
[     687ms] [LOG] [HMR] connected @ http://localhost:3000/_next/static/chunks/node_modules_next_dist_115brz8._.js:2431
[     966ms] [WARNING] THREE.Clock: This module has been deprecated. Please use THREE.Timer instead. @ http://localhost:3000/_next/static/chunks/node_modules_next_dist_115brz8._.js:2431
[  160352ms] [LOG] [Fast Refresh] rebuilding @ http://localhost:3000/_next/static/chunks/node_modules_next_dist_115brz8._.js:2431
[  160470ms] [LOG] [Fast Refresh] done in 220ms @ http://localhost:3000/_next/static/chunks/node_modules_next_dist_115brz8._.js:2431
[  160786ms] [LOG] [Fast Refresh] rebuilding @ http://localhost:3000/_next/static/chunks/node_modules_next_dist_115brz8._.js:2431
[  162453ms] [ERROR] ./components/HeroGlobe.tsx:5:1
Module not found: Can't resolve '@react-three/drei'
  3 | import { useRef } from "react";
  4 | import { Canvas, useFrame } from "@react-three/fiber";
> 5 | import { Sphere, OrbitControls } from "@react-three/drei";
    | ^^^^^^^^^^^^^^^^^^^^^^^^^^^^^^^^^^^^^^^^^^^^^^^^^^^^^^^^^^
  6 | import type { Group } from "three";
  7 |
  8 | function RotatingGlobe() {

Import trace:
  Client Component Browser:
    ./components/HeroGlobe.tsx [Client Component Browser]
    ./components/Hero.tsx [Client Component Browser]
    ./components/Hero.tsx [Server Component]
    ./app/page.tsx [Server Component]

https://nextjs.org/docs/messages/module-not-found @ http://localhost:3000/_next/static/chunks/node_modules_next_dist_115brz8._.js:3272
[  162453ms] [ERROR] ./components/HeroGlobe.tsx:4:1
Module not found: Can't resolve '@react-three/fiber'
  2 |
  3 | import { useRef } from "react";
> 4 | import { Canvas, useFrame } from "@react-three/fiber";
    | ^^^^^^^^^^^^^^^^^^^^^^^^^^^^^^^^^^^^^^^^^^^^^^^^^^^^^^
  5 | import { Sphere, OrbitControls } from "@react-three/drei";
  6 | import type { Group } from "three";
  7 |

Import trace:
  Client Component Browser:
    ./components/HeroGlobe.tsx [Client Component Browser]
    ./components/Hero.tsx [Client Component Browser]
    ./components/Hero.tsx [Server Component]
    ./app/page.tsx [Server Component]

https://nextjs.org/docs/messages/module-not-found @ http://localhost:3000/_next/static/chunks/node_modules_next_dist_115brz8._.js:3272
[  162595ms] [ERROR] ./components/HeroGlobe.tsx:5:1
Module not found: Can't resolve '@react-three/drei'
  3 | import { useRef } from "react";
  4 | import { Canvas, useFrame } from "@react-three/fiber";
> 5 | import { Sphere, OrbitControls } from "@react-three/drei";
    | ^^^^^^^^^^^^^^^^^^^^^^^^^^^^^^^^^^^^^^^^^^^^^^^^^^^^^^^^^^
  6 | import type { Group } from "three";
  7 |
  8 | function RotatingGlobe() {

Import trace:
  Client Component Browser:
    ./components/HeroGlobe.tsx [Client Component Browser]
    ./components/Hero.tsx [Client Component Browser]
    ./components/Hero.tsx [Server Component]
    ./app/page.tsx [Server Component]

https://nextjs.org/docs/messages/module-not-found @ http://localhost:3000/_next/static/chunks/node_modules_next_dist_115brz8._.js:3272
[  162595ms] [ERROR] ./components/HeroGlobe.tsx:4:1
Module not found: Can't resolve '@react-three/fiber'
  2 |
  3 | import { useRef } from "react";
> 4 | import { Canvas, useFrame } from "@react-three/fiber";
    | ^^^^^^^^^^^^^^^^^^^^^^^^^^^^^^^^^^^^^^^^^^^^^^^^^^^^^^
  5 | import { Sphere, OrbitControls } from "@react-three/drei";
  6 | import type { Group } from "three";
  7 |

Import trace:
  Client Component Browser:
    ./components/HeroGlobe.tsx [Client Component Browser]
    ./components/Hero.tsx [Client Component Browser]
    ./components/Hero.tsx [Server Component]
    ./app/page.tsx [Server Component]

https://nextjs.org/docs/messages/module-not-found @ http://localhost:3000/_next/static/chunks/node_modules_next_dist_115brz8._.js:3272
[  162658ms] [LOG] [Fast Refresh] rebuilding @ http://localhost:3000/_next/static/chunks/node_modules_next_dist_115brz8._.js:2431
[  170026ms] [LOG] [Fast Refresh] rebuilding @ http://localhost:3000/_next/static/chunks/node_modules_next_dist_115brz8._.js:2431
[  170232ms] [LOG] [Fast Refresh] done in 261ms @ http://localhost:3000/_next/static/chunks/node_modules_next_dist_115brz8._.js:2431
[  170453ms] Error: Element type is invalid. Received a promise that resolves to: undefined. Lazy element type must resolve to a class or function.
    at beginWork (http://localhost:3000/_next/static/chunks/node_modules_next_dist_compiled_react-dom_058-ah~._.js:6687:27)
    at runWithFiberInDEV (http://localhost:3000/_next/static/chunks/node_modules_next_dist_compiled_react-dom_058-ah~._.js:965:74)
    at performUnitOfWork (http://localhost:3000/_next/static/chunks/node_modules_next_dist_compiled_react-dom_058-ah~._.js:9555:97)
    at workLoopSync (http://localhost:3000/_next/static/chunks/node_modules_next_dist_compiled_react-dom_058-ah~._.js:9449:40)
    at renderRootSync (http://localhost:3000/_next/static/chunks/node_modules_next_dist_compiled_react-dom_058-ah~._.js:9433:13)
    at performWorkOnRoot (http://localhost:3000/_next/static/chunks/node_modules_next_dist_compiled_react-dom_058-ah~._.js:9098:47)
    at performWorkOnRootViaSchedulerTask (http://localhost:3000/_next/static/chunks/node_modules_next_dist_compiled_react-dom_058-ah~._.js:10255:9)
    at MessagePort.performWorkUntilDeadline (http://localhost:3000/_next/static/chunks/node_modules_next_dist_compiled_0rpq4pf._.js:2647:64)
[  170901ms] [LOG] THREE.WebGLRenderer: Context Lost. @ http://localhost:3000/_next/static/chunks/node_modules_next_dist_115brz8._.js:2431
[  175113ms] [LOG] [Fast Refresh] rebuilding @ http://localhost:3000/_next/static/chunks/node_modules_next_dist_115brz8._.js:2431
[  175119ms] [WARNING] [Fast Refresh] performing full reload because your application had an unrecoverable error @ http://localhost:3000/_next/static/chunks/node_modules_next_dist_115brz8._.js:2431
[  175185ms] [LOG] [Fast Refresh] done in 91ms @ http://localhost:3000/_next/static/chunks/node_modules_next_dist_115brz8._.js:2431
[  175494ms] [INFO] %cDownload the React DevTools for a better development experience: https://react.dev/link/react-devtools font-weight:bold @ http://localhost:3000/_next/static/chunks/node_modules_next_dist_115brz8._.js:2431
[  175519ms] [LOG] [HMR] connected @ http://localhost:3000/_next/static/chunks/node_modules_next_dist_115brz8._.js:2431
